{
    "GLDS-321:Arabidopsis,SingleEnd,NonERCC: Should run without failures": {
        "content": [
            [
                "GLDS-321_bulkRNASeq_v1_runsheet.csv:md5,b59f5234c24eee85fa1b825146752a23",
                "GLDS-321_metadata_table.txt:md5,4c4312f6192f9a4f3bcc4171263735ef",
                "OSD-321_metadata_GLDS-321-ISA.zip:md5,e41dac77ee55330ddbf59b3ca31ce738"
            ],
            [
                "GSM4486031_raw.fastq.gz:md5,8c6ab70464518912e33eb3dd91456376",
                "GSM4486032_raw.fastq.gz:md5,420b716f5721eb2d6ac10e3f7fbb2cf9",
                "GSM4486033_raw.fastq.gz:md5,aa62a521f2cc6716a163ce0c63e53d1e",
                "GSM4486034_raw.fastq.gz:md5,1b8648cd95e4ea45018f9cbf91b91adc",
                "GSM4486035_raw.fastq.gz:md5,3d299f6c0e26747adf9e9febc9268254",
                "GSM4486036_raw.fastq.gz:md5,081c1b34b2d2f90ca69f73becf30d6e5",
                "GSM4486037_raw.fastq.gz:md5,d42e399304bd85a4ec07d17673811a7f",
                "GSM4486038_raw.fastq.gz:md5,9b86a195eafc57a1057faf1f900d8d61",
                "GSM4486039_raw.fastq.gz:md5,8dd261412439218c2c0d44577f47eb2d",
                "GSM4486040_raw.fastq.gz:md5,b439acc7bd9acdfaa675aa4222685b6b",
                "GSM4486041_raw.fastq.gz:md5,eca69fa3bfede159b91b6e7546ab5e64",
                "GSM4486042_raw.fastq.gz:md5,62880976b58414317a7245be59c31e88",
                "GSM4486043_raw.fastq.gz:md5,364935e9f0d6cb5b7cdf6f36ae4fdf85",
                "GSM4486044_raw.fastq.gz:md5,87476f68e7b992fc8d6ea8a803df3462",
                "GSM4486045_raw.fastq.gz:md5,b5d744799dc93606949f1fd412634668",
                "GSM4486046_raw.fastq.gz:md5,570fcc621cfecde0588dd12a75e26016",
                "GSM4486047_raw.fastq.gz:md5,f308bba20f7db26cc168f88febed1c88",
                "GSM4486048_raw.fastq.gz:md5,a29f63b43d81f4be2dd5c3cd311f3d4d",
                "GSM4486049_raw.fastq.gz:md5,5ac87d8c3367116bf76797b2237d3bda",
                "GSM4486050_raw.fastq.gz:md5,864048637c16c6a4799fa9963383a7dc",
                "GSM4486051_raw.fastq.gz:md5,d1fdf3c2061aa7e0472b3932a9eecc9a",
                "GSM4486052_raw.fastq.gz:md5,92cfbad407588a88d31d1c3ca485cd9b",
                "GSM4486053_raw.fastq.gz:md5,2423fc30596695431937dc3a21e59f59",
                "GSM4486054_raw.fastq.gz:md5,0b14193daa9e3160b19a6fb69bb1fc56",
                "GSM4486055_raw.fastq.gz:md5,73ff7dce42fb2f2f3bd98cf51e5c013d",
                "GSM4486056_raw.fastq.gz:md5,ff527af0b169a8dd7674142627b56bef",
                "GSM4486057_raw.fastq.gz:md5,348f43ec724cdb37f9f4a11a0ae505e7",
                "GSM4486058_raw.fastq.gz:md5,647bb116e78e3358c42c13b09abd36f8",
                "GSM4486059_raw.fastq.gz:md5,f5016be9d0f2bc137417ee48fb7a35a3",
                "GSM4486060_raw.fastq.gz:md5,402ac5923b47b7e14f19f4248ef7dffb",
                "GSM4486061_raw.fastq.gz:md5,f382042924fcaa3210069a9d9b0b96df",
                "GSM4486062_raw.fastq.gz:md5,cb08d6e035a9bf825ad3346f040827a1",
                "GSM4486063_raw.fastq.gz:md5,99a7a1dbd9706da6fc5c600df50d78ad",
                "GSM4486064_raw.fastq.gz:md5,88a2ac8641a08dd77017715d44c5e448",
                "GSM4486065_raw.fastq.gz:md5,6d85900e449ecd2cacdae0fb919387d2",
                "GSM4486066_raw.fastq.gz:md5,4d8635d2bdaab8e5933b617a72c219b7",
                "GSM4486067_raw.fastq.gz:md5,7957a4a4a634c70e98588d48ffa9445d",
                "GSM4486068_raw.fastq.gz:md5,641135b0dbe91cfe91e23b55395793b5",
                "GSM4486069_raw.fastq.gz:md5,622713ac6fc2b8ee2c09f64d4fa4f454",
                "GSM4486070_raw.fastq.gz:md5,b1063fb2101f48b389622d53b72245bb",
                "GSM4486071_raw.fastq.gz:md5,46e96aac1a4de28a31675edaaedfc64f",
                "GSM4486072_raw.fastq.gz:md5,579d82d341bea8baa005494d923ad9cb",
                "GSM4486073_raw.fastq.gz:md5,c79ca34d4bb538f4308a660b69038145",
                "GSM4486074_raw.fastq.gz:md5,28ebda93f687136b3f5603fe81797023"
            ],
            [
                "GSM4486031_trimmed.fastq.gz:md5,ec97631ea2cf794a95ceeeccf4de3f6e",
                "GSM4486032_trimmed.fastq.gz:md5,ab8bf7827ac59738c17838a1086476e2",
                "GSM4486033_trimmed.fastq.gz:md5,0ea5c97a026e3155e60a1916a9b83190",
                "GSM4486034_trimmed.fastq.gz:md5,7f027fa04c9e26af92f4d8a864feb361",
                "GSM4486035_trimmed.fastq.gz:md5,485489423d8778ab5b07b5f23b511dea",
                "GSM4486036_trimmed.fastq.gz:md5,55bfc78cfbe839e887aa88dbebb1b3cd",
                "GSM4486037_trimmed.fastq.gz:md5,ac45a130d586457d968672d22d26420b",
                "GSM4486038_trimmed.fastq.gz:md5,675ff2ab1cd9f2515ccf355028e40cf7",
                "GSM4486039_trimmed.fastq.gz:md5,597a93e91b4e70cd669afb821155933e",
                "GSM4486040_trimmed.fastq.gz:md5,487619bc2dca8a54d12f1606012d2d01",
                "GSM4486041_trimmed.fastq.gz:md5,83d1e3ae23e98491ea31894ac1ba33d8",
                "GSM4486042_trimmed.fastq.gz:md5,fd893742ce05c98bbdfa63b92d6879d8",
                "GSM4486043_trimmed.fastq.gz:md5,53c2965978be882678f2a286dbc10b81",
                "GSM4486044_trimmed.fastq.gz:md5,955b26bbddce794eead1e4b9b9da24bc",
                "GSM4486045_trimmed.fastq.gz:md5,ee913b6b32789a3fad0754305fb9832b",
                "GSM4486046_trimmed.fastq.gz:md5,2287e4a49d2dc5502d7557da943324b3",
                "GSM4486047_trimmed.fastq.gz:md5,2967aa45d1c9b6313c803f5a112ae76a",
                "GSM4486048_trimmed.fastq.gz:md5,eb85a6a34d5504bc8a0fe3cd6de50e06",
                "GSM4486049_trimmed.fastq.gz:md5,2f55f452fb25ac36ac0b0400d64d5db3",
                "GSM4486050_trimmed.fastq.gz:md5,8107b73985b9c05aa470f39bc4287df9",
                "GSM4486051_trimmed.fastq.gz:md5,9b24a41759707d8db9adc0c107d3b93c",
                "GSM4486052_trimmed.fastq.gz:md5,0bb2bd55d7d709e89375d0ec492d424d",
                "GSM4486053_trimmed.fastq.gz:md5,f32ebdb6f89ed2041be40e18af1b06a3",
                "GSM4486054_trimmed.fastq.gz:md5,da1151c57433a97a64e0de8c2dd1fe5c",
                "GSM4486055_trimmed.fastq.gz:md5,46e31c3b39b5a7c1646bd96b458bb4fe",
                "GSM4486056_trimmed.fastq.gz:md5,13c76a2332feb1c32422210061999da9",
                "GSM4486057_trimmed.fastq.gz:md5,594108735463fc7bae4194eff6c10d41",
                "GSM4486058_trimmed.fastq.gz:md5,a072a1812acfe167689f3f8354e175f6",
                "GSM4486059_trimmed.fastq.gz:md5,3c4e2d630d1d38825c48e07b01803589",
                "GSM4486060_trimmed.fastq.gz:md5,f5e6e8a77d5cc2bd12e57a01e1511fab",
                "GSM4486061_trimmed.fastq.gz:md5,2a0684ddb4b13301c0c34868710ce26c",
                "GSM4486062_trimmed.fastq.gz:md5,8a6516d280ac01d1ae2abf56e385feba",
                "GSM4486063_trimmed.fastq.gz:md5,aa6d393ac6bf614f9fe930737e401991",
                "GSM4486064_trimmed.fastq.gz:md5,076acc4368fb74b23fce7f04d92a971a",
                "GSM4486065_trimmed.fastq.gz:md5,2f95bf7e0c70b229ca2c14134f4732d4",
                "GSM4486066_trimmed.fastq.gz:md5,54529d1613e74f5da087e6864ce0a2a5",
                "GSM4486067_trimmed.fastq.gz:md5,1bf0eebcf36f3cd12376ea157cce56c2",
                "GSM4486068_trimmed.fastq.gz:md5,ddbfce5ee4e2cd2c41175d96e6f27de8",
                "GSM4486069_trimmed.fastq.gz:md5,7c79b8b8e3ddb4218efc8dd91aacc7b3",
                "GSM4486070_trimmed.fastq.gz:md5,64cf86f429eacae406e5a0feb29ec1d4",
                "GSM4486071_trimmed.fastq.gz:md5,dbffe14892da0f63e734400a8b08e2d3",
                "GSM4486072_trimmed.fastq.gz:md5,c1c44de3766dcd1cdceca3b24bfe4857",
                "GSM4486073_trimmed.fastq.gz:md5,663ed36bb6e0ffa705d3c028cc1cd76a",
                "GSM4486074_trimmed.fastq.gz:md5,38079c1ee6cd57e3774286499c6e9b6f"
            ],
            "STAR_NumNonZeroGenes.csv:md5,349ad74e85162995af7e16bb21d473dd",
            "STAR_Unnormalized_Counts.csv:md5,6f471973fa223e79eaada7253d72b1e0",
            "GSM4486034.genes.results:md5,ed677d461a4552ebdc9ea2c6ddaa7aad",
            "GSM4486034.isoforms.results:md5,bf04f6a850a803a2a0c32c18ced4ae3a",
            "RSEM_NumNonZeroGenes.csv:md5,67dc84d9fc4d42c15bb4d70d458d1cf7",
            "RSEM_Unnormalized_Counts.csv:md5,6b99967899bcdd8dd100ddca02a3be16",
            [
                "Normalized_Counts.csv:md5,c148732be1d0b1bb61278bfef612f07b",
                "RSEM_Unnormalized_Counts.csv:md5,fd101e235076c3ae66c513bc96017b33"
            ],
            [
                "SampleTable.csv:md5,0b64b62678b9903bda2a431129cf52af",
                "contrasts.csv:md5,af3bef64a768dd6220b6a143d2fbb1bc",
                "differential_expression.csv:md5,e33ffaa350a90f7dd0f4607292db68de",
                "visualization_PCA_table.csv:md5,c19f946356e520bd9bf68606d639f21c",
                "visualization_output_table.csv:md5,89c4b8722bf2a8fe25c6fcfa915e5c56"
            ],
            [
                "software_versions.md:md5,cba543409b67025633f30daecfd65df3"
            ],
            "GSM4486048.geneBodyCoverage.txt:md5,10aa353eb3148c0557d7af97a24f3e42",
            "GSM4486048_infer_expt.out:md5,c775e1c38376a4a9b564140058fc2f1f",
            "GSM4486055_read_dist.out:md5,a2fefd66742f5067b0224410c6dbdbeb"
        ],
        "timestamp": "2023-01-26T01:06:02+0000"
    }
}